{
  "BomFormat": "CycloneDX",
  "SpecVersion": "v1_7",
  "SpecVersionString": "1.7",
  "SerialNumber": "urn:uuid:3e671687-395b-41f5-a30f-a58921a69b79",
  "Version": 1,
  "NonNullableVersion": 1,
  "Metadata": {
    "Timestamp": "2020-04-13T20:20:39Z",
    "Tools": null,
    "ProtobufTools": null,
    "Authors": null,
    "Component": null,
    "Manufacture": null,
    "Supplier": null,
    "DistributionConstraints": null
  },
  "Components": null,
  "Compositions": null,
  "Definitions": null,
  "XmlSignature": null,
  "Signature": null
}
