{
  "BomFormat": "CycloneDX",
  "SpecVersion": "v1_6",
  "SpecVersionString": "1.6",
  "SerialNumber": "urn:uuid:3e671687-395b-41f5-a30f-a58921a69b79",
  "Version": 1,
  "NonNullableVersion": 1,
  "Metadata": {
    "Tools": {
      "Tools": null,
      "Components": [
        {
          "Type": "Application",
          "MimeType": null,
          "BomRef": null,
          "Supplier": null,
          "Author": null,
          "Publisher": null,
          "Group": "Awesome Vendor",
          "Name": "Awesome Tool",
          "Version": "9.1.2",
          "Description": null,
          "Scope": null,
          "Hashes": [
            {
              "Alg": "SHA_1",
              "Content": "25ed8e31b995bb927966616df2a42b979a2717f0"
            },
            {
              "Alg": "SHA_256",
              "Content": "a74f733635a19aefb1f73e5947cef59cd7440c6952ef0f03d09d974274cbd6df"
            }
          ],
          "Licenses": null,
          "Copyright": null,
          "Cpe": null,
          "Purl": null,
          "Swid": null,
          "Modified": null,
          "Pedigree": null,
          "Evidence": null,
          "ModelCard": null,
          "CryptoProperties": null,
          "XmlSignature": null,
          "Signature": null
        }
      ],
      "Services": [
        {
          "BomRef": null,
          "Provider": {
            "Name": "Acme Org",
            "Url": [
              "https://example.com"
            ],
            "Contact": null,
            "BomRef": null,
            "Address": null
          },
          "Group": "com.example",
          "Name": "Acme Signing Server",
          "Version": null,
          "Description": "Signs artifacts",
          "Endpoints": [
            "https://example.com/sign",
            "https://example.com/verify",
            "https://example.com/tsa"
          ],
          "Authenticated": null,
          "XTrustBoundary": null,
          "TrustZone": null,
          "Licenses": null,
          "XmlSignature": null,
          "Signature": null
        }
      ]
    },
    "ProtobufTools": [
      {
        "Vendor": null,
        "Name": null,
        "Version": null,
        "Hashes": null,
        "ExternalReferences": null,
        "Components": [
          {
            "Type": "Application",
            "MimeType": null,
            "BomRef": null,
            "Supplier": null,
            "Author": null,
            "Publisher": null,
            "Group": "Awesome Vendor",
            "Name": "Awesome Tool",
            "Version": "9.1.2",
            "Description": null,
            "Scope": null,
            "Hashes": [
              {
                "Alg": "SHA_1",
                "Content": "25ed8e31b995bb927966616df2a42b979a2717f0"
              },
              {
                "Alg": "SHA_256",
                "Content": "a74f733635a19aefb1f73e5947cef59cd7440c6952ef0f03d09d974274cbd6df"
              }
            ],
            "Licenses": null,
            "Copyright": null,
            "Cpe": null,
            "Purl": null,
            "Swid": null,
            "Modified": null,
            "Pedigree": null,
            "Evidence": null,
            "ModelCard": null,
            "CryptoProperties": null,
            "XmlSignature": null,
            "Signature": null
          }
        ],
        "Services": [
          {
            "BomRef": null,
            "Provider": {
              "Name": "Acme Org",
              "Url": [
                "https://example.com"
              ],
              "Contact": null,
              "BomRef": null,
              "Address": null
            },
            "Group": "com.example",
            "Name": "Acme Signing Server",
            "Version": null,
            "Description": "Signs artifacts",
            "Endpoints": [
              "https://example.com/sign",
              "https://example.com/verify",
              "https://example.com/tsa"
            ],
            "Authenticated": null,
            "XTrustBoundary": null,
            "TrustZone": null,
            "Licenses": null,
            "XmlSignature": null,
            "Signature": null
          }
        ]
      }
    ],
    "Authors": null,
    "Component": null,
    "Manufacture": null,
    "Supplier": null
  },
  "Components": null,
  "Compositions": null,
  "Definitions": null,
  "XmlSignature": null,
  "Signature": null
}
