{
  "BomFormat": "CycloneDX",
  "SpecVersion": "v1_6",
  "SpecVersionString": "1.6",
  "SerialNumber": "urn:uuid:3e671687-395b-41f5-a30f-a58921a69b79",
  "Version": 1,
  "NonNullableVersion": 1,
  "Metadata": null,
  "Components": [
    {
      "Type": "Library",
      "MimeType": null,
      "BomRef": null,
      "Supplier": null,
      "Author": null,
      "Publisher": null,
      "Group": null,
      "Name": "acme-library-a",
      "Version": "1.0.0",
      "Description": null,
      "Scope": null,
      "Licenses": null,
      "Copyright": null,
      "Cpe": null,
      "Purl": null,
      "Swid": null,
      "Modified": null,
      "Pedigree": null,
      "Components": [
        {
          "Type": "Library",
          "MimeType": null,
          "BomRef": null,
          "Supplier": null,
          "Author": null,
          "Publisher": null,
          "Group": null,
          "Name": "acme-library-b",
          "Version": "2.0.0",
          "Description": null,
          "Scope": null,
          "Licenses": null,
          "Copyright": null,
          "Cpe": null,
          "Purl": null,
          "Swid": null,
          "Modified": null,
          "Pedigree": null,
          "Evidence": null,
          "ModelCard": null,
          "Data": null,
          "CryptoProperties": null,
          "XmlSignature": null,
          "Signature": null
        }
      ],
      "Evidence": null,
      "ModelCard": null,
      "Data": null,
      "CryptoProperties": null,
      "XmlSignature": null,
      "Signature": null
    }
  ],
  "Services": [
    {
      "BomRef": null,
      "Provider": null,
      "Group": null,
      "Name": "acme-service-a",
      "Version": null,
      "Description": null,
      "Endpoints": null,
      "Authenticated": null,
      "XTrustBoundary": null,
      "TrustZone": null,
      "Licenses": null,
      "Services": [
        {
          "BomRef": null,
          "Provider": null,
          "Group": null,
          "Name": "acme-service-b",
          "Version": null,
          "Description": null,
          "Endpoints": null,
          "Authenticated": null,
          "XTrustBoundary": null,
          "TrustZone": null,
          "Licenses": null,
          "XmlSignature": null,
          "Signature": null
        }
      ],
      "XmlSignature": null,
      "Signature": null
    }
  ],
  "Compositions": null,
  "Definitions": null,
  "XmlSignature": null,
  "Signature": null
}
