{
  "BomFormat": "CycloneDX",
  "SpecVersion": "v1_6",
  "SpecVersionString": "1.6",
  "SerialNumber": "urn:uuid:3e671687-395b-41f5-a30f-a58921a69b79",
  "Version": 1,
  "NonNullableVersion": 1,
  "Metadata": null,
  "Components": [
    {
      "Type": "Library",
      "MimeType": null,
      "BomRef": null,
      "Supplier": null,
      "Author": null,
      "Publisher": null,
      "Group": "com.acme",
      "Name": "sample-library",
      "Version": "1.0.0",
      "Description": null,
      "Scope": null,
      "Licenses": null,
      "Copyright": null,
      "Cpe": null,
      "Purl": null,
      "Swid": null,
      "Modified": null,
      "Pedigree": {
        "Ancestors": [
          {
            "Type": "Library",
            "MimeType": null,
            "BomRef": null,
            "Supplier": null,
            "Author": null,
            "Publisher": null,
            "Group": "org.example",
            "Name": "sample-library",
            "Version": "1.0.0",
            "Description": null,
            "Scope": null,
            "Licenses": null,
            "Copyright": null,
            "Cpe": null,
            "Purl": null,
            "Swid": null,
            "Modified": null,
            "Pedigree": null,
            "Evidence": null,
            "ModelCard": null,
            "Data": null,
            "CryptoProperties": null,
            "XmlSignature": null,
            "Signature": null
          }
        ],
        "Descendants": null,
        "Variants": null,
        "Commits": null,
        "Patches": [
          {
            "Type": "Unofficial",
            "Diff": {
              "Text": {
                "ContentType": "text/plain",
                "Encoding": "base64",
                "Content": "blah"
              },
              "Url": "uri/to/changes.diff"
            },
            "Resolves": [
              {
                "Type": "Enhancement",
                "Id": "JIRA-17240",
                "Name": null,
                "Description": "Great new feature that does something",
                "Source": {
                  "Name": "Acme Org",
                  "Url": "https://issues.acme.org/17240"
                },
                "References": null
              }
            ]
          },
          {
            "Type": "Backport",
            "Diff": {
              "Text": {
                "ContentType": "text/plain",
                "Encoding": "base64",
                "Content": "blah"
              },
              "Url": "uri/to/changes.diff"
            },
            "Resolves": [
              {
                "Type": "Security",
                "Id": "CVE-2019-9997",
                "Name": "CVE-2019-9997",
                "Description": "blah blah",
                "Source": {
                  "Name": "NVD",
                  "Url": "https://nvd.nist.gov/vuln/detail/CVE-2019-9997"
                },
                "References": [
                  "http://some/other/site-1",
                  "http://some/other/site-2"
                ]
              },
              {
                "Type": "Defect",
                "Id": "JIRA-874319",
                "Name": null,
                "Description": "Enable to do something",
                "Source": {
                  "Name": "Example Org",
                  "Url": "https://issues.example.org/874319"
                },
                "References": [
                  "http://some/other/site-1",
                  "http://some/other/site-2"
                ]
              }
            ]
          }
        ],
        "Notes": null
      },
      "Evidence": null,
      "ModelCard": null,
      "Data": null,
      "CryptoProperties": null,
      "XmlSignature": null,
      "Signature": null
    }
  ],
  "Compositions": null,
  "Definitions": null,
  "XmlSignature": null,
  "Signature": null
}
