{
  "BomFormat": "CycloneDX",
  "SpecVersion": "v1_6",
  "SpecVersionString": "1.6",
  "SerialNumber": "urn:uuid:3e671687-395b-41f5-a30f-a58921a69b79",
  "Version": 1,
  "NonNullableVersion": 1,
  "Metadata": {
    "Tools": null,
    "ProtobufTools": null,
    "Authors": null,
    "Component": null,
    "Manufacture": null,
    "Supplier": null,
    "Lifecycles": [
      {
        "Phase": "Build",
        "Name": null,
        "Description": null
      },
      {
        "Phase": "Post_Build",
        "Name": null,
        "Description": null
      },
      {
        "Name": "platform-integration-testing",
        "Description": "Integration testing specific to the runtime platform"
      }
    ]
  },
  "Components": null,
  "Compositions": null,
  "Definitions": null,
  "XmlSignature": null,
  "Signature": null
}
