spec_version: "1.6"
version: 1
serial_number: "urn:uuid:3e671687-395b-41f5-a30f-a58921a69b79"
components {
  type: CLASSIFICATION_CRYPTOGRAPHIC_ASSET
  bom_ref: "asset-1"
  name: "Name here"
  cryptoProperties {
    algorithmProperties {
      primitive: CRYPTO_PRIMITIVE_KEY_AGREE
      parameterSetIdentifier: "128"
      curve: "brainpoolP160r1"
      executionEnvironment: CRYPTO_EXECUTION_ENVIRONMENT_UNKNOWN
      implementationPlatform: CRYPTO_IMPLEMENTATION_PLATFORM_GENERIC
      mode: CRYPTO_ALGORITHM_MODE_ECB
      padding: CRYPTO_ALGORITHM_PADDING_UNKNOWN
      cryptoFunctions: CRYPTO_ALGORITHM_FUNCTION_OTHER
      cryptoFunctions: CRYPTO_ALGORITHM_FUNCTION_GENERATE
      cryptoFunctions: CRYPTO_ALGORITHM_FUNCTION_KEYGEN
      cryptoFunctions: CRYPTO_ALGORITHM_FUNCTION_DECRYPT
      classicalSecurityLevel: 128
      nistQuantumSecurityLevel: 1
      6: 5
    }
  }
}
components {
  type: CLASSIFICATION_CRYPTOGRAPHIC_ASSET
  bom_ref: "asset-2"
  name: "Name here"
  cryptoProperties {
    assetType: CRYPTO_ASSET_TYPE_ALGORITHM
    certificateProperties {
      subjectName: "Subject name here"
      issuerName: "Issuer name here"
      notValidBefore {
        seconds: 37986
      }
      notValidAfter {
        seconds: 39446
      }
      signatureAlgorithmRef: "bom-ref-to-algorithm"
      subjectPublicKeyRef: "bom-ref-to-public-key"
      certificateFormat: "X.509"
      certificateExtension: "crt"
    }
  }
}
components {
  type: CLASSIFICATION_CRYPTOGRAPHIC_ASSET
  bom_ref: "asset-3"
  name: "Name here"
  cryptoProperties {
    assetType: CRYPTO_ASSET_TYPE_CERTIFICATE
    protocolProperties {
      version: "1.3"
      cipherSuites {
        name: "TLS_DHE_RSA_WITH_AES_128_CCM"
        algorithms: "bom-ref-to-algorithm"
        identifiers: "0xC0"
      }
    }
  }
}
components {
  type: CLASSIFICATION_CRYPTOGRAPHIC_ASSET
  bom_ref: "asset-4"
  name: "Name here"
  cryptoProperties {
    assetType: CRYPTO_ASSET_TYPE_PROTOCOL
    relatedCryptoMaterialProperties {
      id: "12345"
      state: CRYPTO_RELATED_STATE_PRE_ACTIVATION
      algorithmRef: "bom-ref-to-algorithm"
      creationDate {
        seconds: 39446
      }
      activationDate {
        seconds: 39448
      }
      updateDate {
        seconds: 39450
      }
      expirationDate {
        seconds: 39452
      }
      value: "Value here"
      size: 1024
      format: "PEM"
      securedBy {
        mechanism: "HSM"
        algorithmRef: "bom-ref-to-algorithm"
      }
    }
  }
}
