spec_version: "1.6"
version: 1
serial_number: "urn:uuid:3e671687-395b-41f5-a30f-a58921a69b79"
components {
  type: CLASSIFICATION_LIBRARY
  group: "com.example"
  name: "acme-library"
  version: "1.0.0"
  cpe: "cpe:2.3:a:example:acme-library:1.0.0:*:*:*:*:*:*:*"
  purl: "pkg:maven/com.example/acme-library@1.0.0"
}
