﻿<?xml version="1.0" encoding="utf-8"?>
<bom xmlns:xsi="http://www.w3.org/2001/XMLSchema-instance" xmlns:xsd="http://www.w3.org/2001/XMLSchema" serialNumber="urn:uuid:bdd25550-f1c1-4cb4-b406-0c8d05ad6382" version="1" xmlns="http://cyclonedx.org/schema/bom/1.7">
  <metadata>
    <component type="application" bom-ref="my-app">
      <name>My Application</name>
    </component>
  </metadata>
  <components>
    <component type="library" bom-ref="libcurl" isExternal="true">
      <name>libcurl</name>
      <versionRange>vers:generic/&gt;=8.7.1|&lt;9.0.0</versionRange>
      <description>libcurl ^8.7.1</description>
    </component>
  </components>
  <dependencies>
    <dependency ref="my-app">
      <dependency ref="libcurl" />
    </dependency>
    <dependency ref="libcurl" />
  </dependencies>
</bom>
