{
  "BomFormat": "CycloneDX",
  "SpecVersion": "v1_5",
  "SpecVersionString": "1.5",
  "SerialNumber": null,
  "Version": null,
  "Metadata": {
    "Tools": {
      "Tools": null
    },
    "ProtobufTools": null,
    "Authors": null,
    "Component": {
      "Type": "Null",
      "MimeType": null,
      "BomRef": "Thing@1",
      "Supplier": null,
      "Author": null,
      "Publisher": null,
      "Group": null,
      "Name": "Thing",
      "Version": "1",
      "Description": null,
      "Scope": null,
      "Licenses": null,
      "Copyright": null,
      "Cpe": null,
      "Purl": null,
      "Swid": null,
      "Modified": null,
      "Pedigree": null,
      "Evidence": null,
      "ModelCard": null,
      "Data": null
    },
    "Manufacture": null,
    "Supplier": null
  },
  "Components": [
    {
      "Type": "Null",
      "MimeType": null,
      "BomRef": "System1@1:System1@1",
      "Supplier": null,
      "Author": null,
      "Publisher": null,
      "Group": null,
      "Name": "System1",
      "Version": "1",
      "Description": null,
      "Scope": null,
      "Licenses": null,
      "Copyright": null,
      "Cpe": null,
      "Purl": null,
      "Swid": null,
      "Modified": null,
      "Pedigree": null,
      "Components": [
        {
          "Type": "Null",
          "MimeType": null,
          "BomRef": "System1@1:Component1@1",
          "Supplier": null,
          "Author": null,
          "Publisher": null,
          "Group": null,
          "Name": "Component1",
          "Version": "1",
          "Description": null,
          "Scope": null,
          "Licenses": null,
          "Copyright": null,
          "Cpe": null,
          "Purl": null,
          "Swid": null,
          "Modified": null,
          "Pedigree": null,
          "Evidence": null,
          "ModelCard": null,
          "Data": null
        }
      ],
      "Evidence": null,
      "ModelCard": null,
      "Data": null
    },
    {
      "Type": "Null",
      "MimeType": null,
      "BomRef": "System2@1:System2@1",
      "Supplier": null,
      "Author": null,
      "Publisher": null,
      "Group": null,
      "Name": "System2",
      "Version": "1",
      "Description": null,
      "Scope": null,
      "Licenses": null,
      "Copyright": null,
      "Cpe": null,
      "Purl": null,
      "Swid": null,
      "Modified": null,
      "Pedigree": null,
      "Components": [
        {
          "Type": "Null",
          "MimeType": null,
          "BomRef": "System2@1:Component2@1",
          "Supplier": null,
          "Author": null,
          "Publisher": null,
          "Group": null,
          "Name": "Component2",
          "Version": "1",
          "Description": null,
          "Scope": null,
          "Licenses": null,
          "Copyright": null,
          "Cpe": null,
          "Purl": null,
          "Swid": null,
          "Modified": null,
          "Pedigree": null,
          "Evidence": null,
          "ModelCard": null,
          "Data": null
        }
      ],
      "Evidence": null,
      "ModelCard": null,
      "Data": null
    }
  ],
  "Dependencies": [
    {
      "Ref": "System1@1:System1@1",
      "Dependencies": [
        {
          "Ref": "System1@1:Component1@1",
          "Dependencies": null
        }
      ]
    },
    {
      "Ref": "System2@1:System2@1",
      "Dependencies": [
        {
          "Ref": "System2@1:Component2@1",
          "Dependencies": null
        }
      ]
    },
    {
      "Ref": "Thing@1",
      "Dependencies": [
        {
          "Ref": "System1@1:System1@1",
          "Dependencies": null
        },
        {
          "Ref": "System2@1:System2@1",
          "Dependencies": null
        }
      ]
    }
  ],
  "Compositions": [
    {
      "Aggregate": "Complete",
      "Assemblies": [
        "System1@1:System1@1"
      ],
      "Dependencies": [
        "System1@1:System1@1"
      ],
      "Vulnerabilities": null,
      "BomRef": null
    },
    {
      "Aggregate": "Complete",
      "Assemblies": [
        "System2@1:System2@1"
      ],
      "Dependencies": [
        "System2@1:System2@1"
      ],
      "Vulnerabilities": null,
      "BomRef": null
    }
  ]
}
