{
  "BomFormat": "CycloneDX",
  "SpecVersion": "v1_5",
  "SpecVersionString": "1.5",
  "SerialNumber": null,
  "Version": null,
  "Metadata": {
    "Tools": {
      "Tools": [
        {
          "Vendor": null,
          "Name": "Tool1",
          "Version": "1",
          "Hashes": null
        },
        {
          "Vendor": null,
          "Name": "Tool2",
          "Version": "1",
          "Hashes": null
        }
      ]
    },
    "ProtobufTools": [
      {
        "Vendor": null,
        "Name": "Tool1",
        "Version": "1",
        "Hashes": null
      },
      {
        "Vendor": null,
        "Name": "Tool2",
        "Version": "1",
        "Hashes": null
      }
    ],
    "Authors": null,
    "Component": null,
    "Manufacture": null,
    "Supplier": null
  },
  "Components": null,
  "Compositions": null
}
