{
  "SPDXID": "SPDXRef-DOCUMENT",
  "spdxVersion": "SPDX-2.3",
  "creationInfo": {
    "comment": "This SPDX document has been converted from CycloneDX format.",
    "created": "2021-12-24T12:00:00Z"
  },
  "name": "CycloneDX BOM",
  "dataLicense": "CC0-1.0",
  "documentNamespace": "http://spdx.org/spdxdocs/CycloneDX BOM-3e671687-395b-41f5-a30f-a58921a69b79",
  "packages": [
    {
      "SPDXID": "SPDXRef-pkg:npm/acme/component@1.0.0",
      "checksums": [
        {
          "algorithm": "SHA1",
          "checksumValue": "e6b1000b94e835ffd37f4c6dcbdad43f4b48a02a"
        }
      ],
      "downloadLocation": "NOASSERTION",
      "homepage": "NOASSERTION",
      "licenseDeclared": "Apache-2.0",
      "name": "stock-java-client",
      "primaryPackagePurpose": "LIBRARY",
      "versionInfo": "1.0.12"
    }
  ]
}
