{
  "bomFormat": "CycloneDX",
  "specVersion": "1.5",
  "metadata": {
    "timestamp": "2021-12-24T12:00:00Z",
    "properties": [
      {
        "name": "spdx:spdxid",
        "value": "SPDXRef-DOCUMENT"
      },
      {
        "name": "spdx:document:spdx-version",
        "value": "SPDX-2.2"
      },
      {
        "name": "spdx:document:name",
        "value": "CycloneDX BOM"
      },
      {
        "name": "spdx:document:document-namespace",
        "value": "http://spdx.org/spdxdocs/CycloneDX BOM-3e671687-395b-41f5-a30f-a58921a69b79"
      },
      {
        "name": "spdx:creation-info:comment",
        "value": "This SPDX document has been converted from CycloneDX format."
      }
    ]
  },
  "components": [
    {
      "type": "library",
      "name": "acme-example",
      "version": "1.0.0",
      "hashes": [
        {
          "alg": "MD5",
          "content": "641b6e166f8b33c5e959e2adcc18b1c7"
        },
        {
          "alg": "SHA-1",
          "content": "9188560f22e0b73070d2efce670c74af2bdf30af"
        },
        {
          "alg": "SHA-256",
          "content": "d88bc4e70bfb34d18b5542136639acbb26a8ae2429aa1e47489332fb389cc964"
        },
        {
          "alg": "SHA-384",
          "content": "d4835048a0f57c74b8fb617d5366ab81376fc92bebe9a93bf24ba7f9da6c9aeeb6179f5d1361f6533211b15f3224cbad"
        },
        {
          "alg": "SHA-512",
          "content": "74a51ff45e4c11df9ba1f0094282c80489649cb157a75fa337992d2d4592a5a1b8cb4525de8db0ae25233553924d76c36e093ea7fa9df4e5b8b07fd2e074efd6"
        }
      ],
      "copyright": "NOASSERTION",
      "externalReferences": [
        {
          "url": "NOASSERTION",
          "type": "distribution"
        },
        {
          "url": "NOASSERTION",
          "type": "website"
        }
      ],
      "properties": [
        {
          "name": "spdx:spdxid",
          "value": "SPDXRef-Package-1"
        },
        {
          "name": "spdx:license-concluded",
          "value": "NOASSERTION"
        },
        {
          "name": "spdx:license-declared",
          "value": "NOASSERTION"
        },
        {
          "name": "spdx:package:originator",
          "value": "NOASSERTION"
        },
        {
          "name": "spdx:package:supplier",
          "value": "NOASSERTION"
        },
        {
          "name": "spdx:download-location",
          "value": "NOASSERTION"
        },
        {
          "name": "spdx:homepage",
          "value": "NOASSERTION"
        }
      ],
      "evidence": {
        "licenses": []
      }
    }
  ]
}
