{
  "bomFormat": "CycloneDX",
  "specVersion": "1.5",
  "metadata": {
    "timestamp": "2021-12-24T12:00:00Z",
    "properties": [
      {
        "name": "spdx:spdxid",
        "value": "SPDXRef-DOCUMENT"
      },
      {
        "name": "spdx:document:spdx-version",
        "value": "SPDX-2.2"
      },
      {
        "name": "spdx:document:name",
        "value": "CycloneDX BOM"
      },
      {
        "name": "spdx:document:document-namespace",
        "value": "http://spdx.org/spdxdocs/CycloneDX BOM-3e671687-395b-41f5-a30f-a58921a69b79"
      },
      {
        "name": "spdx:creation-info:comment",
        "value": "This SPDX document has been converted from CycloneDX format."
      }
    ]
  }
}
